# Logfile created on 2021-03-28 10:55:43 by logger.rb/v1.4.3
